// Vitest Snapshot v1, https://vitest.dev/guide/snapshot.html

exports[`Engine golden snapshots > matches the recorded snapshot at turn 50 1`] = `
{
  "alive": 229,
  "bankRunActive": false,
  "bankRunStartedTurn": -9999,
  "blightActive": false,
  "blightStartedTurn": -9999,
  "circulatingIssuers": 153,
  "coercionCount": 1,
  "gini": 0.41388561321186734,
  "isolateShare": 0.026200873362445413,
  "landDegradation": 0.019948885542233397,
  "motivationCounts": {
    "material": 98,
    "normative": 47,
    "power": 17,
    "symbolic": 67,
  },
  "plagueDeathsThisTurn": 0,
  "segregation": 0.047738583481779104,
  "shamingCount": 1,
  "tieCount": 1162,
  "tokenSupply": 3274.5748657716767,
  "tokenTradeVolume": 92,
  "topInfluencerCentrality": 57.56455359291553,
  "topInfluencerId": 491,
  "topIssuerId": 581,
  "topIssuerLiability": 79.34957579904027,
  "topIssuerMistrust": 0.1883094670873852,
  "totalWealth": 7592.512531404534,
  "tradePrice": 0.48117459767794274,
  "tradeVolume": 160,
  "turn": 50,
  "wealthBins": [
    15,
    12,
    62,
    77,
    48,
    15,
  ],
}
`;

exports[`Engine golden snapshots > matches the recorded snapshot at turn 200 1`] = `
{
  "alive": 277,
  "bankRunActive": false,
  "bankRunStartedTurn": 59,
  "blightActive": false,
  "blightStartedTurn": -9999,
  "circulatingIssuers": 211,
  "coercionCount": 0,
  "gini": 0.36347401543511415,
  "isolateShare": 0.021660649819494584,
  "landDegradation": 0.0291170887512594,
  "motivationCounts": {
    "material": 180,
    "normative": 29,
    "power": 4,
    "symbolic": 64,
  },
  "plagueDeathsThisTurn": 0,
  "segregation": 0.03952227775611926,
  "shamingCount": 0,
  "tieCount": 2110,
  "tokenSupply": 5101.684661758803,
  "tokenTradeVolume": 186,
  "topInfluencerCentrality": 93.64449238497701,
  "topInfluencerId": 1187,
  "topIssuerId": 1198,
  "topIssuerLiability": 141.93894047583927,
  "topIssuerMistrust": 0.2074556568359912,
  "totalWealth": 19691.15413073107,
  "tradePrice": 0.7933715237006068,
  "tradeVolume": 317,
  "turn": 200,
  "wealthBins": [
    3,
    7,
    11,
    54,
    121,
    81,
  ],
}
`;
